---
source: crates/memtrack/tests/stack_tests.rs
expression: format_events(&events)
---
[
    "Malloc { size: 64, has_stack: true }",
    "Free",
    "Malloc { size: 64, has_stack: true }",
    "Free",
    "Malloc { size: 64, has_stack: true }",
    "Free",
    "Malloc { size: 64, has_stack: true }",
    "Free",
    "Malloc { size: 64, has_stack: true }",
    "Free",
    "Malloc { size: 64, has_stack: true }",
    "Free",
    "Malloc { size: 64, has_stack: true }",
    "Free",
    "Malloc { size: 64, has_stack: true }",
    "Free",
    "Malloc { size: 64, has_stack: true }",
    "Free",
    "Malloc { size: 64, has_stack: true }",
    "Free",
    "Malloc { size: 64, has_stack: true }",
    "Free",
    "Malloc { size: 64, has_stack: true }",
    "Free",
    "Malloc { size: 64, has_stack: true }",
    "Free",
    "Malloc { size: 64, has_stack: true }",
    "Free",
    "Malloc { size: 64, has_stack: true }",
    "Free",
    "Malloc { size: 64, has_stack: true }",
    "Free",
    "Malloc { size: 64, has_stack: true }",
    "Free",
    "Malloc { size: 64, has_stack: true }",
    "Free",
    "Malloc { size: 64, has_stack: true }",
    "Free",
    "Malloc { size: 64, has_stack: true }",
    "Free",
    "Malloc { size: 64, has_stack: true }",
    "Free",
    "Malloc { size: 64, has_stack: true }",
    "Free",
    "Malloc { size: 64, has_stack: true }",
    "Free",
    "Malloc { size: 64, has_stack: true }",
    "Free",
    "Malloc { size: 64, has_stack: true }",
    "Free",
    "Malloc { size: 64, has_stack: true }",
    "Free",
    "Malloc { size: 64, has_stack: true }",
    "Free",
    "Malloc { size: 64, has_stack: true }",
    "Free",
    "Malloc { size: 64, has_stack: true }",
    "Free",
    "Malloc { size: 64, has_stack: true }",
    "Free",
    "Malloc { size: 64, has_stack: true }",
    "Free",
    "Malloc { size: 64, has_stack: true }",
    "Free",
    "Malloc { size: 64, has_stack: true }",
    "Free",
    "Malloc { size: 64, has_stack: true }",
    "Free",
    "Malloc { size: 64, has_stack: true }",
    "Free",
    "Malloc { size: 64, has_stack: true }",
    "Free",
    "Malloc { size: 64, has_stack: true }",
    "Free",
    "Malloc { size: 64, has_stack: true }",
    "Free",
    "Malloc { size: 64, has_stack: true }",
    "Free",
    "Malloc { size: 64, has_stack: true }",
    "Free",
    "Malloc { size: 64, has_stack: true }",
    "Free",
    "Malloc { size: 64, has_stack: true }",
    "Free",
    "Malloc { size: 64, has_stack: true }",
    "Free",
    "Malloc { size: 64, has_stack: true }",
    "Free",
    "Malloc { size: 64, has_stack: true }",
    "Free",
    "Malloc { size: 64, has_stack: true }",
    "Free",
    "Malloc { size: 64, has_stack: true }",
    "Free",
    "Malloc { size: 64, has_stack: true }",
    "Free",
    "Malloc { size: 64, has_stack: true }",
    "Free",
    "Malloc { size: 64, has_stack: true }",
    "Free",
    "Malloc { size: 192, has_stack: true }",
    "Free",
    "Malloc { size: 192, has_stack: true }",
    "Free",
    "Malloc { size: 192, has_stack: true }",
    "Free",
    "Malloc { size: 192, has_stack: true }",
    "Free",
    "Malloc { size: 192, has_stack: true }",
    "Free",
    "Malloc { size: 192, has_stack: true }",
    "Free",
    "Malloc { size: 192, has_stack: true }",
    "Free",
    "Malloc { size: 192, has_stack: true }",
    "Free",
    "Malloc { size: 192, has_stack: true }",
    "Free",
    "Malloc { size: 192, has_stack: true }",
    "Free",
    "Malloc { size: 192, has_stack: true }",
    "Free",
    "Malloc { size: 192, has_stack: true }",
    "Free",
    "Malloc { size: 192, has_stack: true }",
    "Free",
    "Malloc { size: 192, has_stack: true }",
    "Free",
    "Malloc { size: 192, has_stack: true }",
    "Free",
    "Malloc { size: 192, has_stack: true }",
    "Free",
    "Malloc { size: 192, has_stack: true }",
    "Free",
    "Malloc { size: 192, has_stack: true }",
    "Free",
    "Malloc { size: 192, has_stack: true }",
    "Free",
    "Malloc { size: 192, has_stack: true }",
    "Free",
    "Malloc { size: 192, has_stack: true }",
    "Free",
    "Malloc { size: 192, has_stack: true }",
    "Free",
    "Malloc { size: 192, has_stack: true }",
    "Free",
    "Malloc { size: 192, has_stack: true }",
    "Free",
    "Malloc { size: 192, has_stack: true }",
    "Free",
    "Malloc { size: 192, has_stack: true }",
    "Free",
    "Malloc { size: 192, has_stack: true }",
    "Free",
    "Malloc { size: 192, has_stack: true }",
    "Free",
    "Malloc { size: 192, has_stack: true }",
    "Free",
    "Malloc { size: 192, has_stack: true }",
    "Free",
    "Malloc { size: 192, has_stack: true }",
    "Free",
    "Malloc { size: 192, has_stack: true }",
    "Free",
    "Malloc { size: 192, has_stack: true }",
    "Free",
    "Malloc { size: 192, has_stack: true }",
    "Free",
    "Malloc { size: 192, has_stack: true }",
    "Free",
    "Malloc { size: 192, has_stack: true }",
    "Free",
    "Malloc { size: 192, has_stack: true }",
    "Free",
    "Malloc { size: 192, has_stack: true }",
    "Free",
    "Malloc { size: 192, has_stack: true }",
    "Free",
    "Malloc { size: 192, has_stack: true }",
    "Free",
    "Malloc { size: 192, has_stack: true }",
    "Free",
    "Malloc { size: 192, has_stack: true }",
    "Free",
    "Malloc { size: 192, has_stack: true }",
    "Free",
    "Malloc { size: 192, has_stack: true }",
    "Free",
    "Malloc { size: 192, has_stack: true }",
    "Free",
    "Malloc { size: 192, has_stack: true }",
    "Free",
    "Malloc { size: 192, has_stack: true }",
    "Free",
    "Malloc { size: 192, has_stack: true }",
    "Free",
    "Malloc { size: 192, has_stack: true }",
    "Free",
    "Malloc { size: 192, has_stack: true }",
    "Free",
]
